[     503ms] [INFO] %cDownload the React DevTools for a better development experience: https://react.dev/link/react-devtools font-weight:bold @ http://localhost:3000/_next/static/chunks/0n33_next_dist_09wkv-m._.js:776
[     515ms] [LOG] [HMR] connected @ http://localhost:3000/_next/static/chunks/0n33_next_dist_09wkv-m._.js:776
[     755ms] [ERROR] Failed to load resource: the server responded with a status of 409 (Conflict) @ http://localhost:3000/api/architectures/f7dccbcb-e844-4af7-8444-15e9bba9e92b/pricing:0
[   40645ms] [LOG] [Fast Refresh] rebuilding @ http://localhost:3000/_next/static/chunks/0n33_next_dist_09wkv-m._.js:776
[   40663ms] [LOG] [Fast Refresh] done in 121ms @ http://localhost:3000/_next/static/chunks/0n33_next_dist_09wkv-m._.js:776
[   41675ms] [ERROR] WebSocket connection to 'ws://localhost:3000/_next/hmr?id=uDjg1wPcgNdkVcAZksDB5' failed: Error in connection establishment: net::ERR_CONNECTION_REFUSED @ http://localhost:3000/_next/static/chunks/0n33_next_dist_client_11wwo80._.js:16348
[   42683ms] [ERROR] WebSocket connection to 'ws://localhost:3000/_next/hmr?id=uDjg1wPcgNdkVcAZksDB5' failed: Error during WebSocket handshake: Unexpected response code: 404 @ http://localhost:3000/_next/static/chunks/0n33_next_dist_client_11wwo80._.js:16348
[   43532ms] [ERROR] Failed to load resource: the server responded with a status of 404 (Not Found) @ http://localhost:3000/api/architectures/f7dccbcb-e844-4af7-8444-15e9bba9e92b/credential:0
[   43606ms] [VERBOSE] [DOM] Password field is not contained in a form: (More info: https://goo.gl/9p2vKq) %o @ http://localhost:3000/workspace/f7dccbcb-e844-4af7-8444-15e9bba9e92b:0
[   43686ms] [ERROR] WebSocket connection to 'ws://localhost:3000/_next/hmr?id=uDjg1wPcgNdkVcAZksDB5' failed: Error during WebSocket handshake: Unexpected response code: 404 @ http://localhost:3000/_next/static/chunks/0n33_next_dist_client_11wwo80._.js:16348
[   44689ms] [ERROR] WebSocket connection to 'ws://localhost:3000/_next/hmr?id=uDjg1wPcgNdkVcAZksDB5' failed: Error during WebSocket handshake: Unexpected response code: 404 @ http://localhost:3000/_next/static/chunks/0n33_next_dist_client_11wwo80._.js:16348
[   45692ms] [ERROR] WebSocket connection to 'ws://localhost:3000/_next/hmr?id=uDjg1wPcgNdkVcAZksDB5' failed: Error in connection establishment: net::ERR_CONNECTION_REFUSED @ http://localhost:3000/_next/static/chunks/0n33_next_dist_client_11wwo80._.js:16348
[   50693ms] [ERROR] WebSocket connection to 'ws://localhost:3000/_next/hmr?id=uDjg1wPcgNdkVcAZksDB5' failed: Error in connection establishment: net::ERR_CONNECTION_REFUSED @ http://localhost:3000/_next/static/chunks/0n33_next_dist_client_11wwo80._.js:16348
[   51956ms] [ERROR] Failed to load resource: net::ERR_CONNECTION_REFUSED @ http://localhost:3000/api/health:0
[   55698ms] [ERROR] WebSocket connection to 'ws://localhost:3000/_next/hmr?id=uDjg1wPcgNdkVcAZksDB5' failed: Error in connection establishment: net::ERR_CONNECTION_REFUSED @ http://localhost:3000/_next/static/chunks/0n33_next_dist_client_11wwo80._.js:16348
[   60703ms] [ERROR] WebSocket connection to 'ws://localhost:3000/_next/hmr?id=uDjg1wPcgNdkVcAZksDB5' failed: Error in connection establishment: net::ERR_CONNECTION_REFUSED @ http://localhost:3000/_next/static/chunks/0n33_next_dist_client_11wwo80._.js:16348
[   65704ms] [ERROR] WebSocket connection to 'ws://localhost:3000/_next/hmr?id=uDjg1wPcgNdkVcAZksDB5' failed: Error in connection establishment: net::ERR_CONNECTION_REFUSED @ http://localhost:3000/_next/static/chunks/0n33_next_dist_client_11wwo80._.js:16348
[   70708ms] [ERROR] WebSocket connection to 'ws://localhost:3000/_next/hmr?id=uDjg1wPcgNdkVcAZksDB5' failed: Error in connection establishment: net::ERR_CONNECTION_REFUSED @ http://localhost:3000/_next/static/chunks/0n33_next_dist_client_11wwo80._.js:16348
[   75713ms] [ERROR] WebSocket connection to 'ws://localhost:3000/_next/hmr?id=uDjg1wPcgNdkVcAZksDB5' failed: Error in connection establishment: net::ERR_CONNECTION_REFUSED @ http://localhost:3000/_next/static/chunks/0n33_next_dist_client_11wwo80._.js:16348
[   80719ms] [ERROR] WebSocket connection to 'ws://localhost:3000/_next/hmr?id=uDjg1wPcgNdkVcAZksDB5' failed: Error in connection establishment: net::ERR_CONNECTION_REFUSED @ http://localhost:3000/_next/static/chunks/0n33_next_dist_client_11wwo80._.js:16348
[  176910ms] [INFO] %cDownload the React DevTools for a better development experience: https://react.dev/link/react-devtools font-weight:bold @ http://localhost:3000/_next/static/chunks/0n33_next_dist_09wkv-m._.js:776
[  176921ms] [LOG] [HMR] connected @ http://localhost:3000/_next/static/chunks/0n33_next_dist_09wkv-m._.js:776
[  347131ms] [LOG] [Fast Refresh] rebuilding @ http://localhost:3000/_next/static/chunks/0n33_next_dist_09wkv-m._.js:776
[  347339ms] [LOG] [Fast Refresh] done in 311ms @ http://localhost:3000/_next/static/chunks/0n33_next_dist_09wkv-m._.js:776
[  348551ms] [ERROR] WebSocket connection to 'ws://localhost:3000/_next/hmr?id=5uw4kDnmaQZPyLeZpVHfQ' failed: Error in connection establishment: net::ERR_CONNECTION_REFUSED @ http://localhost:3000/_next/static/chunks/0n33_next_dist_client_11wwo80._.js:16348
[  349554ms] [ERROR] WebSocket connection to 'ws://localhost:3000/_next/hmr?id=5uw4kDnmaQZPyLeZpVHfQ' failed: Error in connection establishment: net::ERR_CONNECTION_REFUSED @ http://localhost:3000/_next/static/chunks/0n33_next_dist_client_11wwo80._.js:16348
[  350557ms] [LOG] [HMR] connected @ http://localhost:3000/_next/static/chunks/0n33_next_dist_09wkv-m._.js:776
[  350970ms] [INFO] %cDownload the React DevTools for a better development experience: https://react.dev/link/react-devtools font-weight:bold @ http://localhost:3000/_next/static/chunks/0n33_next_dist_09wkv-m._.js:776
[  350985ms] [LOG] [HMR] connected @ http://localhost:3000/_next/static/chunks/0n33_next_dist_09wkv-m._.js:776
[  480579ms] [LOG] [HMR] connected @ http://localhost:3000/_next/static/chunks/0n33_next_dist_09wkv-m._.js:776
[  481393ms] [INFO] %cDownload the React DevTools for a better development experience: https://react.dev/link/react-devtools font-weight:bold @ http://localhost:3000/_next/static/chunks/0n33_next_dist_09wkv-m._.js:776
[  481408ms] [LOG] [HMR] connected @ http://localhost:3000/_next/static/chunks/0n33_next_dist_09wkv-m._.js:776
[  481625ms] [ERROR] Failed to load resource: the server responded with a status of 409 (Conflict) @ http://localhost:3000/api/architectures/f7dccbcb-e844-4af7-8444-15e9bba9e92b/pricing:0
