[    1829ms] [INFO] %cDownload the React DevTools for a better development experience: https://react.dev/link/react-devtools font-weight:bold @ http://localhost:3000/_next/static/chunks/0n33_next_dist_09wkv-m._.js:776
[    1860ms] [LOG] [HMR] connected @ http://localhost:3000/_next/static/chunks/0n33_next_dist_09wkv-m._.js:776
[  202401ms] [LOG] [Fast Refresh] rebuilding @ http://localhost:3000/_next/static/chunks/0n33_next_dist_09wkv-m._.js:776
[  202913ms] [LOG] [Fast Refresh] done in 613ms @ http://localhost:3000/_next/static/chunks/0n33_next_dist_09wkv-m._.js:776
[  203934ms] [ERROR] WebSocket connection to 'ws://localhost:3000/_next/hmr?id=eVQQoiAwtDvD_hMCAhBHF' failed: Error in connection establishment: net::ERR_CONNECTION_REFUSED @ http://localhost:3000/_next/static/chunks/0n33_next_dist_client_11wwo80._.js:16348
[  204944ms] [ERROR] WebSocket connection to 'ws://localhost:3000/_next/hmr?id=eVQQoiAwtDvD_hMCAhBHF' failed: Error during WebSocket handshake: Unexpected response code: 404 @ http://localhost:3000/_next/static/chunks/0n33_next_dist_client_11wwo80._.js:16348
[  205957ms] [ERROR] WebSocket connection to 'ws://localhost:3000/_next/hmr?id=eVQQoiAwtDvD_hMCAhBHF' failed: Error during WebSocket handshake: net::ERR_CONNECTION_RESET @ http://localhost:3000/_next/static/chunks/0n33_next_dist_client_11wwo80._.js:16348
[  206960ms] [ERROR] WebSocket connection to 'ws://localhost:3000/_next/hmr?id=eVQQoiAwtDvD_hMCAhBHF' failed: Error in connection establishment: net::ERR_CONNECTION_REFUSED @ http://localhost:3000/_next/static/chunks/0n33_next_dist_client_11wwo80._.js:16348
[  207963ms] [ERROR] WebSocket connection to 'ws://localhost:3000/_next/hmr?id=eVQQoiAwtDvD_hMCAhBHF' failed: Error in connection establishment: net::ERR_CONNECTION_REFUSED @ http://localhost:3000/_next/static/chunks/0n33_next_dist_client_11wwo80._.js:16348
[  212964ms] [ERROR] WebSocket connection to 'ws://localhost:3000/_next/hmr?id=eVQQoiAwtDvD_hMCAhBHF' failed: Error in connection establishment: net::ERR_CONNECTION_REFUSED @ http://localhost:3000/_next/static/chunks/0n33_next_dist_client_11wwo80._.js:16348
[  217968ms] [ERROR] WebSocket connection to 'ws://localhost:3000/_next/hmr?id=eVQQoiAwtDvD_hMCAhBHF' failed: Error in connection establishment: net::ERR_CONNECTION_REFUSED @ http://localhost:3000/_next/static/chunks/0n33_next_dist_client_11wwo80._.js:16348
[  222970ms] [ERROR] WebSocket connection to 'ws://localhost:3000/_next/hmr?id=eVQQoiAwtDvD_hMCAhBHF' failed: Error in connection establishment: net::ERR_CONNECTION_REFUSED @ http://localhost:3000/_next/static/chunks/0n33_next_dist_client_11wwo80._.js:16348
[  227973ms] [ERROR] WebSocket connection to 'ws://localhost:3000/_next/hmr?id=eVQQoiAwtDvD_hMCAhBHF' failed: Error in connection establishment: net::ERR_CONNECTION_REFUSED @ http://localhost:3000/_next/static/chunks/0n33_next_dist_client_11wwo80._.js:16348
[  232975ms] [ERROR] WebSocket connection to 'ws://localhost:3000/_next/hmr?id=eVQQoiAwtDvD_hMCAhBHF' failed: Error in connection establishment: net::ERR_CONNECTION_REFUSED @ http://localhost:3000/_next/static/chunks/0n33_next_dist_client_11wwo80._.js:16348
[  237980ms] [LOG] [HMR] connected @ http://localhost:3000/_next/static/chunks/0n33_next_dist_09wkv-m._.js:776
[  238690ms] [INFO] %cDownload the React DevTools for a better development experience: https://react.dev/link/react-devtools font-weight:bold @ http://localhost:3000/_next/static/chunks/0n33_next_dist_09wkv-m._.js:776
[  238717ms] [LOG] [HMR] connected @ http://localhost:3000/_next/static/chunks/0n33_next_dist_09wkv-m._.js:776
[  429591ms] [INFO] %cDownload the React DevTools for a better development experience: https://react.dev/link/react-devtools font-weight:bold @ http://localhost:3000/_next/static/chunks/0n33_next_dist_09wkv-m._.js:776
[  429603ms] [LOG] [HMR] connected @ http://localhost:3000/_next/static/chunks/0n33_next_dist_09wkv-m._.js:776
[  507624ms] [LOG] [Fast Refresh] rebuilding @ http://localhost:3000/_next/static/chunks/0n33_next_dist_09wkv-m._.js:776
[  507727ms] [LOG] [Fast Refresh] done in 205ms @ http://localhost:3000/_next/static/chunks/0n33_next_dist_09wkv-m._.js:776
[  508741ms] [ERROR] WebSocket connection to 'ws://localhost:3000/_next/hmr?id=hXVyqJtV-DxMJrKFTBg3f' failed: Error in connection establishment: net::ERR_CONNECTION_REFUSED @ http://localhost:3000/_next/static/chunks/0n33_next_dist_client_11wwo80._.js:16348
[  509754ms] [ERROR] WebSocket connection to 'ws://localhost:3000/_next/hmr?id=hXVyqJtV-DxMJrKFTBg3f' failed: Error during WebSocket handshake: Unexpected response code: 404 @ http://localhost:3000/_next/static/chunks/0n33_next_dist_client_11wwo80._.js:16348
[  510760ms] [ERROR] WebSocket connection to 'ws://localhost:3000/_next/hmr?id=hXVyqJtV-DxMJrKFTBg3f' failed: Error during WebSocket handshake: Unexpected response code: 404 @ http://localhost:3000/_next/static/chunks/0n33_next_dist_client_11wwo80._.js:16348
[  511766ms] [ERROR] WebSocket connection to 'ws://localhost:3000/_next/hmr?id=hXVyqJtV-DxMJrKFTBg3f' failed: Error during WebSocket handshake: Unexpected response code: 404 @ http://localhost:3000/_next/static/chunks/0n33_next_dist_client_11wwo80._.js:16348
[  512771ms] [ERROR] WebSocket connection to 'ws://localhost:3000/_next/hmr?id=hXVyqJtV-DxMJrKFTBg3f' failed: Error during WebSocket handshake: Unexpected response code: 404 @ http://localhost:3000/_next/static/chunks/0n33_next_dist_client_11wwo80._.js:16348
[  517775ms] [ERROR] WebSocket connection to 'ws://localhost:3000/_next/hmr?id=hXVyqJtV-DxMJrKFTBg3f' failed: Error in connection establishment: net::ERR_CONNECTION_REFUSED @ http://localhost:3000/_next/static/chunks/0n33_next_dist_client_11wwo80._.js:16348
[  522779ms] [ERROR] WebSocket connection to 'ws://localhost:3000/_next/hmr?id=hXVyqJtV-DxMJrKFTBg3f' failed: Error in connection establishment: net::ERR_CONNECTION_REFUSED @ http://localhost:3000/_next/static/chunks/0n33_next_dist_client_11wwo80._.js:16348
[  527783ms] [ERROR] WebSocket connection to 'ws://localhost:3000/_next/hmr?id=hXVyqJtV-DxMJrKFTBg3f' failed: Error in connection establishment: net::ERR_CONNECTION_REFUSED @ http://localhost:3000/_next/static/chunks/0n33_next_dist_client_11wwo80._.js:16348
[  532788ms] [ERROR] WebSocket connection to 'ws://localhost:3000/_next/hmr?id=hXVyqJtV-DxMJrKFTBg3f' failed: Error in connection establishment: net::ERR_CONNECTION_REFUSED @ http://localhost:3000/_next/static/chunks/0n33_next_dist_client_11wwo80._.js:16348
[  537794ms] [ERROR] WebSocket connection to 'ws://localhost:3000/_next/hmr?id=hXVyqJtV-DxMJrKFTBg3f' failed: Error in connection establishment: net::ERR_CONNECTION_REFUSED @ http://localhost:3000/_next/static/chunks/0n33_next_dist_client_11wwo80._.js:16348
[  542802ms] [ERROR] WebSocket connection to 'ws://localhost:3000/_next/hmr?id=hXVyqJtV-DxMJrKFTBg3f' failed: Error in connection establishment: net::ERR_CONNECTION_REFUSED @ http://localhost:3000/_next/static/chunks/0n33_next_dist_client_11wwo80._.js:16348
[  547810ms] [ERROR] WebSocket connection to 'ws://localhost:3000/_next/hmr?id=hXVyqJtV-DxMJrKFTBg3f' failed: Error in connection establishment: net::ERR_CONNECTION_REFUSED @ http://localhost:3000/_next/static/chunks/0n33_next_dist_client_11wwo80._.js:16348
[ 2852015ms] [INFO] %cDownload the React DevTools for a better development experience: https://react.dev/link/react-devtools font-weight:bold @ http://localhost:3000/_next/static/chunks/0n33_next_dist_09wkv-m._.js:776
[ 2852024ms] [LOG] [HMR] connected @ http://localhost:3000/_next/static/chunks/0n33_next_dist_09wkv-m._.js:776
[ 2962820ms] [LOG] [Fast Refresh] rebuilding @ http://localhost:3000/_next/static/chunks/0n33_next_dist_09wkv-m._.js:776
[ 2962959ms] [LOG] [Fast Refresh] done in 240ms @ http://localhost:3000/_next/static/chunks/0n33_next_dist_09wkv-m._.js:776
[ 2964093ms] [ERROR] WebSocket connection to 'ws://localhost:3000/_next/hmr?id=LYjkZGYj9cmFDQoK0m_G8' failed: Error in connection establishment: net::ERR_CONNECTION_REFUSED @ http://localhost:3000/_next/static/chunks/0n33_next_dist_client_11wwo80._.js:16348
[ 2965095ms] [ERROR] WebSocket connection to 'ws://localhost:3000/_next/hmr?id=LYjkZGYj9cmFDQoK0m_G8' failed: Error in connection establishment: net::ERR_CONNECTION_REFUSED @ http://localhost:3000/_next/static/chunks/0n33_next_dist_client_11wwo80._.js:16348
[ 2966098ms] [ERROR] WebSocket connection to 'ws://localhost:3000/_next/hmr?id=LYjkZGYj9cmFDQoK0m_G8' failed: Error in connection establishment: net::ERR_CONNECTION_REFUSED @ http://localhost:3000/_next/static/chunks/0n33_next_dist_client_11wwo80._.js:16348
[ 2967100ms] [ERROR] WebSocket connection to 'ws://localhost:3000/_next/hmr?id=LYjkZGYj9cmFDQoK0m_G8' failed: Error in connection establishment: net::ERR_CONNECTION_REFUSED @ http://localhost:3000/_next/static/chunks/0n33_next_dist_client_11wwo80._.js:16348
[ 2968104ms] [ERROR] WebSocket connection to 'ws://localhost:3000/_next/hmr?id=LYjkZGYj9cmFDQoK0m_G8' failed: Error in connection establishment: net::ERR_CONNECTION_REFUSED @ http://localhost:3000/_next/static/chunks/0n33_next_dist_client_11wwo80._.js:16348
[ 2973111ms] [ERROR] WebSocket connection to 'ws://localhost:3000/_next/hmr?id=LYjkZGYj9cmFDQoK0m_G8' failed: Error during WebSocket handshake: Unexpected response code: 404 @ http://localhost:3000/_next/static/chunks/0n33_next_dist_client_11wwo80._.js:16348
[ 2978114ms] [ERROR] WebSocket connection to 'ws://localhost:3000/_next/hmr?id=LYjkZGYj9cmFDQoK0m_G8' failed: Error in connection establishment: net::ERR_CONNECTION_REFUSED @ http://localhost:3000/_next/static/chunks/0n33_next_dist_client_11wwo80._.js:16348
[ 2983119ms] [ERROR] WebSocket connection to 'ws://localhost:3000/_next/hmr?id=LYjkZGYj9cmFDQoK0m_G8' failed: Error in connection establishment: net::ERR_CONNECTION_REFUSED @ http://localhost:3000/_next/static/chunks/0n33_next_dist_client_11wwo80._.js:16348
[ 2988124ms] [ERROR] WebSocket connection to 'ws://localhost:3000/_next/hmr?id=LYjkZGYj9cmFDQoK0m_G8' failed: Error in connection establishment: net::ERR_CONNECTION_REFUSED @ http://localhost:3000/_next/static/chunks/0n33_next_dist_client_11wwo80._.js:16348
[ 2993128ms] [ERROR] WebSocket connection to 'ws://localhost:3000/_next/hmr?id=LYjkZGYj9cmFDQoK0m_G8' failed: Error in connection establishment: net::ERR_CONNECTION_REFUSED @ http://localhost:3000/_next/static/chunks/0n33_next_dist_client_11wwo80._.js:16348
[ 2998133ms] [ERROR] WebSocket connection to 'ws://localhost:3000/_next/hmr?id=LYjkZGYj9cmFDQoK0m_G8' failed: Error in connection establishment: net::ERR_CONNECTION_REFUSED @ http://localhost:3000/_next/static/chunks/0n33_next_dist_client_11wwo80._.js:16348
[ 3003139ms] [ERROR] WebSocket connection to 'ws://localhost:3000/_next/hmr?id=LYjkZGYj9cmFDQoK0m_G8' failed: Error in connection establishment: net::ERR_CONNECTION_REFUSED @ http://localhost:3000/_next/static/chunks/0n33_next_dist_client_11wwo80._.js:16348
[ 3095299ms] [INFO] %cDownload the React DevTools for a better development experience: https://react.dev/link/react-devtools font-weight:bold @ http://localhost:3000/_next/static/chunks/0n33_next_dist_09wkv-m._.js:776
[ 3095314ms] [LOG] [HMR] connected @ http://localhost:3000/_next/static/chunks/0n33_next_dist_09wkv-m._.js:776
[ 3105659ms] [ERROR] Failed to load resource: the server responded with a status of 401 (Unauthorized) @ http://localhost:3000/api/auth/login:0
[ 3113355ms] [ERROR] Failed to load resource: the server responded with a status of 401 (Unauthorized) @ http://localhost:3000/api/auth/login:0
[ 3245753ms] [LOG] [Fast Refresh] rebuilding @ http://localhost:3000/_next/static/chunks/0n33_next_dist_09wkv-m._.js:776
[ 3245845ms] [LOG] [Fast Refresh] done in 193ms @ http://localhost:3000/_next/static/chunks/0n33_next_dist_09wkv-m._.js:776
[ 3245946ms] [INFO] %cDownload the React DevTools for a better development experience: https://react.dev/link/react-devtools font-weight:bold @ http://localhost:3000/_next/static/chunks/0n33_next_dist_09wkv-m._.js:776
[ 3245966ms] [LOG] [HMR] connected @ http://localhost:3000/_next/static/chunks/0n33_next_dist_09wkv-m._.js:776
[ 3275825ms] [LOG] [Fast Refresh] rebuilding @ http://localhost:3000/_next/static/chunks/0n33_next_dist_09wkv-m._.js:776
[ 3276159ms] [LOG] [Fast Refresh] done in 436ms @ http://localhost:3000/_next/static/chunks/0n33_next_dist_09wkv-m._.js:776
[ 3277177ms] [ERROR] WebSocket connection to 'ws://localhost:3000/_next/hmr?id=ir51yOV1UTak4GEJrUsks' failed: Error in connection establishment: net::ERR_CONNECTION_REFUSED @ http://localhost:3000/_next/static/chunks/0n33_next_dist_client_11wwo80._.js:16348
[ 3278184ms] [ERROR] WebSocket connection to 'ws://localhost:3000/_next/hmr?id=ir51yOV1UTak4GEJrUsks' failed: Error during WebSocket handshake: Unexpected response code: 404 @ http://localhost:3000/_next/static/chunks/0n33_next_dist_client_11wwo80._.js:16348
[ 3279187ms] [ERROR] WebSocket connection to 'ws://localhost:3000/_next/hmr?id=ir51yOV1UTak4GEJrUsks' failed: Error during WebSocket handshake: Unexpected response code: 404 @ http://localhost:3000/_next/static/chunks/0n33_next_dist_client_11wwo80._.js:16348
[ 3280191ms] [ERROR] WebSocket connection to 'ws://localhost:3000/_next/hmr?id=ir51yOV1UTak4GEJrUsks' failed: Error during WebSocket handshake: Unexpected response code: 404 @ http://localhost:3000/_next/static/chunks/0n33_next_dist_client_11wwo80._.js:16348
[ 3281197ms] [ERROR] WebSocket connection to 'ws://localhost:3000/_next/hmr?id=ir51yOV1UTak4GEJrUsks' failed: Error during WebSocket handshake: Unexpected response code: 404 @ http://localhost:3000/_next/static/chunks/0n33_next_dist_client_11wwo80._.js:16348
[ 3286199ms] [ERROR] WebSocket connection to 'ws://localhost:3000/_next/hmr?id=ir51yOV1UTak4GEJrUsks' failed: Error in connection establishment: net::ERR_CONNECTION_REFUSED @ http://localhost:3000/_next/static/chunks/0n33_next_dist_client_11wwo80._.js:16348
[ 3288103ms] [ERROR] Failed to load resource: net::ERR_CONNECTION_REFUSED @ http://localhost:3000/api/architectures/f7dccbcb-e844-4af7-8444-15e9bba9e92b:0
[ 3291202ms] [ERROR] WebSocket connection to 'ws://localhost:3000/_next/hmr?id=ir51yOV1UTak4GEJrUsks' failed: Error in connection establishment: net::ERR_CONNECTION_REFUSED @ http://localhost:3000/_next/static/chunks/0n33_next_dist_client_11wwo80._.js:16348
[ 3292980ms] [ERROR] Failed to load resource: net::ERR_CONNECTION_REFUSED @ http://localhost:3000/api/architectures/f7dccbcb-e844-4af7-8444-15e9bba9e92b:0
[ 3294889ms] [ERROR] Failed to load resource: net::ERR_CONNECTION_REFUSED @ http://localhost:3000/api/architectures/f7dccbcb-e844-4af7-8444-15e9bba9e92b:0
[ 3296204ms] [ERROR] WebSocket connection to 'ws://localhost:3000/_next/hmr?id=ir51yOV1UTak4GEJrUsks' failed: Error in connection establishment: net::ERR_CONNECTION_REFUSED @ http://localhost:3000/_next/static/chunks/0n33_next_dist_client_11wwo80._.js:16348
[ 3296676ms] [ERROR] Failed to load resource: net::ERR_CONNECTION_REFUSED @ http://localhost:3000/api/architectures/f7dccbcb-e844-4af7-8444-15e9bba9e92b:0
[ 3300299ms] [ERROR] Failed to load resource: net::ERR_CONNECTION_REFUSED @ http://localhost:3000/api/architectures/f7dccbcb-e844-4af7-8444-15e9bba9e92b:0
[ 3301206ms] [ERROR] WebSocket connection to 'ws://localhost:3000/_next/hmr?id=ir51yOV1UTak4GEJrUsks' failed: Error in connection establishment: net::ERR_CONNECTION_REFUSED @ http://localhost:3000/_next/static/chunks/0n33_next_dist_client_11wwo80._.js:16348
[ 3302641ms] [ERROR] Failed to load resource: net::ERR_CONNECTION_REFUSED @ http://localhost:3000/api/architectures/f7dccbcb-e844-4af7-8444-15e9bba9e92b:0
[ 3304281ms] [ERROR] Failed to load resource: net::ERR_CONNECTION_REFUSED @ http://localhost:3000/api/architectures/f7dccbcb-e844-4af7-8444-15e9bba9e92b/runs:0
[ 3304282ms] [ERROR] Failed to load resource: net::ERR_CONNECTION_REFUSED @ http://localhost:3000/api/architectures/f7dccbcb-e844-4af7-8444-15e9bba9e92b/runs:0
[ 3305929ms] [ERROR] Failed to load resource: net::ERR_CONNECTION_REFUSED @ http://localhost:3000/api/architectures/f7dccbcb-e844-4af7-8444-15e9bba9e92b/runs:0
[ 3305929ms] [ERROR] Failed to load resource: net::ERR_CONNECTION_REFUSED @ http://localhost:3000/api/architectures/f7dccbcb-e844-4af7-8444-15e9bba9e92b/runs:0
[ 3306207ms] [ERROR] WebSocket connection to 'ws://localhost:3000/_next/hmr?id=ir51yOV1UTak4GEJrUsks' failed: Error in connection establishment: net::ERR_CONNECTION_REFUSED @ http://localhost:3000/_next/static/chunks/0n33_next_dist_client_11wwo80._.js:16348
[ 3311209ms] [ERROR] WebSocket connection to 'ws://localhost:3000/_next/hmr?id=ir51yOV1UTak4GEJrUsks' failed: Error in connection establishment: net::ERR_CONNECTION_REFUSED @ http://localhost:3000/_next/static/chunks/0n33_next_dist_client_11wwo80._.js:16348
[ 3316212ms] [ERROR] WebSocket connection to 'ws://localhost:3000/_next/hmr?id=ir51yOV1UTak4GEJrUsks' failed: Error in connection establishment: net::ERR_CONNECTION_REFUSED @ http://localhost:3000/_next/static/chunks/0n33_next_dist_client_11wwo80._.js:16348
