$ next build
▲ Next.js 16.3.5 (Turbopack)
✓ Running next.config.ts took 100ms

  Creating an optimized production build ...
✓ Compiled successfully in 2.6s
  Running TypeScript ...
  Finished TypeScript in 1362ms ...
  Collecting page data using 7 workers ...
  Generating static pages using 7 workers (0/5) ...
  Generating static pages using 7 workers (1/5) 
  Generating static pages using 7 workers (2/5) 
  Generating static pages using 7 workers (3/5) 
✓ Generating static pages using 7 workers (5/5) in 184ms
  Finalizing page optimization ...

Route (app)
┌ ○ /
├ ○ /_not-found
├ ○ /login
└ ƒ /workspace/[id]


○  (Static)   prerendered as static content
ƒ  (Dynamic)  server-rendered on demand

